// Jest Snapshot v1, https://goo.gl/fbAQLP

exports[`<SectionContainer /> should render the content container 1`] = `
.c0 {
  mex-height: 120rem;
  margin: 0 auto;
  padding: 3.2rem;
}

<div
  class="c0"
>
  <h1>
    Children
  </h1>
</div>
`;
