// Jest Snapshot v1, https://goo.gl/fbAQLP

exports[`<LogoLink /> should match snapshot 1`] = `
.c1 {
  display: flex;
  align-items: center;
  text-decoration: none;
  color: inherit;
}

.c1 >img {
  height: 6rem;
}

.c0 {
  color: #0A1128;
  font-size: 2.4rem;
  text-transform: none;
}

<h1
  class="c0"
>
  <a
    class="c1"
    href="#target"
  >
    <img
      alt="OlÃ¡ Mundo"
      src="image.jpg"
    />
  </a>
</h1>
`;
