// Jest Snapshot v1, https://goo.gl/fbAQLP

exports[`<GridText /> should render GridText with background 1`] = `
.c4 {
  color: #0A1128;
  font-size: 6.8rem;
  text-transform: uppercase;
}

.c9 {
  color: #0A1128;
  font-size: 2.4rem;
  text-transform: none;
}

.c6 {
  font-size: 2.4rem;
}

.c2 {
  max-width: 128rem;
  margin: 0 auto;
}

.c2 .c5 {
  margin-bottom: 6.4rem;
}

.c7 {
  counter-reset: grid-counter;
  display: grid;
  grid-template-columns: repeat(auto-fill, minmax(280px, 1fr));
  gap: 6.4rem;
  width: 100%;
}

.c8 .c3 {
  display: inline-block;
  position: relative;
  left: 5rem;
  height: 7rem;
  font-size: 4.0rem;
  padding-left: 3rem;
}

.c8 .c3::before {
  counter-increment: grid-counter;
  content: counter(grid-counter);
  position: absolute;
  font-size: 6.4rem;
  top: -1.7rem;
  left: -4rem;
  transform: rotate(10deg);
}

.c1 {
  max-width: 120rem;
  margin: 0 auto;
  padding: 3.2rem;
  width: 100%;
}

.c0 {
  background: #FFFFFF;
  color: #0A1128;
  min-height: 100vh;
  display: flex;
  align-items: center;
}

@media (max-width: 768px) {
  .c4 {
    font-size: 4.0rem;
  }
}

@media (max-width: 768px) {
  .c7 {
    grid-template-columns: 1fr;
  }
}

<div>
  <div
    class="c0"
  >
    <div
      class="c1"
    >
      <div
        class="c2"
      >
        <h1
          class="c3 c4"
        >
          My grid
        </h1>
        <div
          class="c5 c6"
        >
          Atque dolorum, quibusdam
    quisquam, quas, voluptate
    quos laboriosam voluptatum,
    quisquam quisquam, quas,
    voluptate quos laboriosam
    voluptatum.
        </div>
        <div
          class="c7"
        >
          <div
            class="c8"
          >
            <h3
              class="c3 c9"
            >
              Teste 1
            </h3>
            <div
              class="c5 c6"
            >
              Lorem ipsum dolor sit,
      amet consectetur adipisicing elit.
      Debitis cum delectus molestias.
      Atque doloribus nobis laudantium
      esse ut, non commodi maxime
      distinctio veritatis unde,
      reprehenderit minus ad dolores
      provident maiores.
            </div>
          </div>
          <div
            class="c8"
          >
            <h3
              class="c3 c9"
            >
              Teste 2
            </h3>
            <div
              class="c5 c6"
            >
              Lorem ipsum dolor sit,
      amet consectetur adipisicing elit.
      Debitis cum delectus molestias.
      Atque doloribus nobis laudantium
      esse ut, non commodi maxime
      distinctio veritatis unde,
      reprehenderit minus ad dolores
      provident maiores.
            </div>
          </div>
          <div
            class="c8"
          >
            <h3
              class="c3 c9"
            >
              Teste 3
            </h3>
            <div
              class="c5 c6"
            >
              Lorem ipsum dolor sit,
      amet consectetur adipisicing elit.
      Debitis cum delectus molestias.
      Atque doloribus nobis laudantium
      esse ut, non commodi maxime
      distinctio veritatis unde,
      reprehenderit minus ad dolores
      provident maiores.
            </div>
          </div>
        </div>
      </div>
    </div>
  </div>
</div>
`;

exports[`<GridText /> should render GridText without background 1`] = `
.c4 {
  color: #0A1128;
  font-size: 6.8rem;
  text-transform: uppercase;
}

.c9 {
  color: #0A1128;
  font-size: 2.4rem;
  text-transform: none;
}

.c6 {
  font-size: 2.4rem;
}

.c2 {
  max-width: 128rem;
  margin: 0 auto;
}

.c2 .c5 {
  margin-bottom: 6.4rem;
}

.c7 {
  counter-reset: grid-counter;
  display: grid;
  grid-template-columns: repeat(auto-fill, minmax(280px, 1fr));
  gap: 6.4rem;
  width: 100%;
}

.c8 .c3 {
  display: inline-block;
  position: relative;
  left: 5rem;
  height: 7rem;
  font-size: 4.0rem;
  padding-left: 3rem;
}

.c8 .c3::before {
  counter-increment: grid-counter;
  content: counter(grid-counter);
  position: absolute;
  font-size: 6.4rem;
  top: -1.7rem;
  left: -4rem;
  transform: rotate(10deg);
}

.c1 {
  max-width: 120rem;
  margin: 0 auto;
  padding: 3.2rem;
  width: 100%;
}

.c0 {
  background: #FFFFFF;
  color: #0A1128;
  min-height: 100vh;
  display: flex;
  align-items: center;
}

@media (max-width: 768px) {
  .c4 {
    font-size: 4.0rem;
  }
}

@media (max-width: 768px) {
  .c7 {
    grid-template-columns: 1fr;
  }
}

<div>
  <div
    class="c0"
  >
    <div
      class="c1"
    >
      <div
        class="c2"
      >
        <h1
          class="c3 c4"
        >
          My grid
        </h1>
        <div
          class="c5 c6"
        >
          Atque dolorum, quibusdam
    quisquam, quas, voluptate
    quos laboriosam voluptatum,
    quisquam quisquam, quas,
    voluptate quos laboriosam
    voluptatum.
        </div>
        <div
          class="c7"
        >
          <div
            class="c8"
          >
            <h3
              class="c3 c9"
            >
              Teste 1
            </h3>
            <div
              class="c5 c6"
            >
              Lorem ipsum dolor sit,
      amet consectetur adipisicing elit.
      Debitis cum delectus molestias.
      Atque doloribus nobis laudantium
      esse ut, non commodi maxime
      distinctio veritatis unde,
      reprehenderit minus ad dolores
      provident maiores.
            </div>
          </div>
          <div
            class="c8"
          >
            <h3
              class="c3 c9"
            >
              Teste 2
            </h3>
            <div
              class="c5 c6"
            >
              Lorem ipsum dolor sit,
      amet consectetur adipisicing elit.
      Debitis cum delectus molestias.
      Atque doloribus nobis laudantium
      esse ut, non commodi maxime
      distinctio veritatis unde,
      reprehenderit minus ad dolores
      provident maiores.
            </div>
          </div>
          <div
            class="c8"
          >
            <h3
              class="c3 c9"
            >
              Teste 3
            </h3>
            <div
              class="c5 c6"
            >
              Lorem ipsum dolor sit,
      amet consectetur adipisicing elit.
      Debitis cum delectus molestias.
      Atque doloribus nobis laudantium
      esse ut, non commodi maxime
      distinctio veritatis unde,
      reprehenderit minus ad dolores
      provident maiores.
            </div>
          </div>
        </div>
      </div>
    </div>
  </div>
</div>
`;
