// Jest Snapshot v1, https://goo.gl/fbAQLP

exports[`<GridImage /> should render GridText with background 1`] = `
.c3 {
  color: #0A1128;
  font-size: 6.8rem;
  text-transform: uppercase;
}

.c5 {
  font-size: 2.4rem;
}

.c2 {
  max-width: 128rem;
  margin: 0 auto;
  left: 0;
  right: 0;
}

.c2>.c4 {
  margin-bottom: 6.4rem;
}

.c6 {
  display: grid;
  grid-template-columns: repeat(auto-fill, minmax(280px, 1fr));
  gap: 3.2rem;
  max-width: 120rem;
  margin: 0 auto;
}

.c7 {
  overflow: hidden;
  width: 100%;
  height: 280px;
}

.c8 {
  height: 100%;
  width: 100%;
  object-fit: cover;
}

.c8:hover {
  transform: scale(1.2) rotate(10deg);
  transition: transform 0.5s;
}

.c1 {
  max-width: 120rem;
  margin: 0 auto;
  padding: 3.2rem;
  width: 100%;
}

.c0 {
  background: #FFFFFF;
  color: #0A1128;
  min-height: 100vh;
  display: flex;
  align-items: center;
}

@media (max-width: 768px) {
  .c3 {
    font-size: 4.0rem;
  }
}

@media (max-width: 768px) {
  .c6 {
    grid-template-columns: 1fr;
  }
}

<div>
  <div
    class="c0"
  >
    <div
      class="c1"
    >
      <div
        class="c2"
      >
        <h1
          class="c3"
        >
          My grid
        </h1>
        <div
          class="c4 c5"
        >
          Atque doloribus nobis laudantium esse ut, non commodi maxime distinctio veritatis unde
        </div>
        <div
          class="c6"
        >
          <div
            class="c7"
          >
            <img
              alt="Teste 1"
              class="c8"
              src="https://images.unsplash.com/photo-1506748686214-e9df14d4d9d0?w=800&h=800"
            />
            <div
              class="c4 c5"
            />
          </div>
          <div
            class="c7"
          >
            <img
              alt="Teste 2"
              class="c8"
              src="https://images.unsplash.com/photo-1496483648148-47c686dc86a8?w=800&h=800"
            />
            <div
              class="c4 c5"
            />
          </div>
          <div
            class="c7"
          >
            <img
              alt="Teste 3"
              class="c8"
              src="https://images.unsplash.com/photo-1469474968028-56623f02e42e?w=800&h=800"
            />
            <div
              class="c4 c5"
            />
          </div>
          <div
            class="c7"
          >
            <img
              alt="Teste 4"
              class="c8"
              src="https://images.pexels.com/photos/460621/pexels-photo-460621.jpeg?w=800&h=800"
            />
            <div
              class="c4 c5"
            />
          </div>
          <div
            class="c7"
          >
            <img
              alt="Teste 5"
              class="c8"
              src="https://images.pexels.com/photos/210186/pexels-photo-210186.jpeg?w=800&h=800"
            />
            <div
              class="c4 c5"
            />
          </div>
          <div
            class="c7"
          >
            <img
              alt="Teste 6"
              class="c8"
              src="https://images.unsplash.com/photo-1496483648148-47c686dc86a8?w=800&h=800"
            />
            <div
              class="c4 c5"
            />
          </div>
        </div>
      </div>
    </div>
  </div>
</div>
`;

exports[`<GridImage /> should render GridText without background 1`] = `
.c3 {
  color: #0A1128;
  font-size: 6.8rem;
  text-transform: uppercase;
}

.c5 {
  font-size: 2.4rem;
}

.c2 {
  max-width: 128rem;
  margin: 0 auto;
  left: 0;
  right: 0;
}

.c2>.c4 {
  margin-bottom: 6.4rem;
}

.c6 {
  display: grid;
  grid-template-columns: repeat(auto-fill, minmax(280px, 1fr));
  gap: 3.2rem;
  max-width: 120rem;
  margin: 0 auto;
}

.c7 {
  overflow: hidden;
  width: 100%;
  height: 280px;
}

.c8 {
  height: 100%;
  width: 100%;
  object-fit: cover;
}

.c8:hover {
  transform: scale(1.2) rotate(10deg);
  transition: transform 0.5s;
}

.c1 {
  max-width: 120rem;
  margin: 0 auto;
  padding: 3.2rem;
  width: 100%;
}

.c0 {
  background: #FFFFFF;
  color: #0A1128;
  min-height: 100vh;
  display: flex;
  align-items: center;
}

@media (max-width: 768px) {
  .c3 {
    font-size: 4.0rem;
  }
}

@media (max-width: 768px) {
  .c6 {
    grid-template-columns: 1fr;
  }
}

<div>
  <div
    class="c0"
  >
    <div
      class="c1"
    >
      <div
        class="c2"
      >
        <h1
          class="c3"
        >
          My grid
        </h1>
        <div
          class="c4 c5"
        >
          Atque doloribus nobis laudantium esse ut, non commodi maxime distinctio veritatis unde
        </div>
        <div
          class="c6"
        >
          <div
            class="c7"
          >
            <img
              alt="Teste 1"
              class="c8"
              src="https://images.unsplash.com/photo-1506748686214-e9df14d4d9d0?w=800&h=800"
            />
            <div
              class="c4 c5"
            />
          </div>
          <div
            class="c7"
          >
            <img
              alt="Teste 2"
              class="c8"
              src="https://images.unsplash.com/photo-1496483648148-47c686dc86a8?w=800&h=800"
            />
            <div
              class="c4 c5"
            />
          </div>
          <div
            class="c7"
          >
            <img
              alt="Teste 3"
              class="c8"
              src="https://images.unsplash.com/photo-1469474968028-56623f02e42e?w=800&h=800"
            />
            <div
              class="c4 c5"
            />
          </div>
          <div
            class="c7"
          >
            <img
              alt="Teste 4"
              class="c8"
              src="https://images.pexels.com/photos/460621/pexels-photo-460621.jpeg?w=800&h=800"
            />
            <div
              class="c4 c5"
            />
          </div>
          <div
            class="c7"
          >
            <img
              alt="Teste 5"
              class="c8"
              src="https://images.pexels.com/photos/210186/pexels-photo-210186.jpeg?w=800&h=800"
            />
            <div
              class="c4 c5"
            />
          </div>
          <div
            class="c7"
          >
            <img
              alt="Teste 6"
              class="c8"
              src="https://images.unsplash.com/photo-1496483648148-47c686dc86a8?w=800&h=800"
            />
            <div
              class="c4 c5"
            />
          </div>
        </div>
      </div>
    </div>
  </div>
</div>
`;
